[2025-11-06 09:20:19] [INFO] 🤖​ Disponibile ora il prodotto: B0FG7TGW3J
[2025-11-06 09:20:19] [INFO] 🤖​ Disponibile ora il prodotto: B0FG7TB7P4
[2025-11-06 09:20:19] [INFO] 🤖​ Disponibile ora il prodotto: B0FG7V4M1Z
[2025-11-06 09:20:19] [INFO] ⚡ Modalità veloce attivata per 5 minuti.
[2025-11-06 09:20:23] [INFO] 🤖​ Disponibile ora il prodotto: B0FHL1FRN4
[2025-11-06 09:20:23] [INFO] ⚡ Modalità veloce attivata per 5 minuti.
[2025-11-06 09:25:26] [INFO] 🐢 Ritorno alla modalità normale.
[2025-11-06 10:06:06] [INFO] ❌ B0FG7TGW3J non più disponibile.
[2025-11-06 10:20:19] [INFO] ✅ Reset di 3 prodotti.
[2025-11-06 10:20:21] [INFO] 🕒 Nell'ultima ora sono state fatte 719 chiamate PAAPI.
[2025-11-06 10:20:21] [INFO] 🤖​ Disponibile ora il prodotto: B0FG7TB7P4
[2025-11-06 10:20:22] [INFO] 🤖​ Disponibile ora il prodotto: B0FG7V4M1Z
[2025-11-06 10:20:22] [INFO] ⚡ Modalità veloce attivata per 5 minuti.
[2025-11-06 10:20:25] [INFO] 🤖​ Disponibile ora il prodotto: B0FHL1FRN4
[2025-11-06 10:20:25] [INFO] ⚡ Modalità veloce attivata per 5 minuti.
[2025-11-06 10:25:26] [INFO] 🐢 Ritorno alla modalità normale.
[2025-11-06 10:46:48] [INFO] 🤖​ Disponibile ora il prodotto: B0FG7TGW3J
[2025-11-06 10:46:48] [INFO] ⚡ Modalità veloce attivata per 5 minuti.
[2025-11-06 10:51:49] [INFO] 🐢 Ritorno alla modalità normale.
[2025-11-06 11:20:19] [INFO] ✅ Reset di 4 prodotti.
[2025-11-06 11:20:20] [INFO] 🤖​ Disponibile ora il prodotto: B0FG7TGW3J
[2025-11-06 11:20:20] [INFO] 🤖​ Disponibile ora il prodotto: B0FG7TB7P4
[2025-11-06 11:20:20] [INFO] 🤖​ Disponibile ora il prodotto: B0FG7V4M1Z
[2025-11-06 11:20:20] [INFO] ⚡ Modalità veloce attivata per 5 minuti.
[2025-11-06 11:20:24] [INFO] 🕒 Nell'ultima ora sono state fatte 754 chiamate PAAPI.
[2025-11-06 11:20:24] [INFO] 🤖​ Disponibile ora il prodotto: B0FHL1FRN4
[2025-11-06 11:20:24] [INFO] ⚡ Modalità veloce attivata per 5 minuti.
[2025-11-06 11:25:26] [INFO] 🐢 Ritorno alla modalità normale.
[2025-11-06 12:20:19] [INFO] ✅ Reset di 4 prodotti.
[2025-11-06 12:20:21] [INFO] 🤖​ Disponibile ora il prodotto: B0FG7TGW3J
[2025-11-06 12:20:21] [INFO] 🤖​ Disponibile ora il prodotto: B0FG7TB7P4
[2025-11-06 12:20:21] [INFO] 🤖​ Disponibile ora il prodotto: B0FG7V4M1Z
[2025-11-06 12:20:21] [INFO] ⚡ Modalità veloce attivata per 5 minuti.
[2025-11-06 12:20:25] [INFO] 🕒 Nell'ultima ora sono state fatte 717 chiamate PAAPI.
[2025-11-06 12:20:25] [INFO] 🤖​ Disponibile ora il prodotto: B0FHL1FRN4
[2025-11-06 12:20:25] [INFO] ⚡ Modalità veloce attivata per 5 minuti.
[2025-11-06 12:25:27] [INFO] 🐢 Ritorno alla modalità normale.
[2025-11-06 13:20:19] [INFO] ✅ Reset di 4 prodotti.
[2025-11-06 13:21:26] [INFO] 🤖​ Disponibile ora il prodotto: B0FHL1FRN4
[2025-11-06 13:21:26] [INFO] ⚡ Modalità veloce attivata per 5 minuti.
[2025-11-06 13:21:29] [INFO] 🕒 Nell'ultima ora sono state fatte 718 chiamate PAAPI.
[2025-11-06 13:21:30] [INFO] 🤖​ Disponibile ora il prodotto: B0FG7TGW3J
[2025-11-06 13:21:30] [INFO] 🤖​ Disponibile ora il prodotto: B0FG7TB7P4
[2025-11-06 13:21:30] [INFO] 🤖​ Disponibile ora il prodotto: B0FG7V4M1Z
[2025-11-06 13:21:30] [INFO] ⚡ Modalità veloce attivata per 5 minuti.
[2025-11-06 13:26:31] [INFO] 🐢 Ritorno alla modalità normale.
[2025-11-06 14:20:19] [INFO] ✅ Reset di 4 prodotti.
[2025-11-06 14:20:23] [INFO] 🤖​ Disponibile ora il prodotto: B0FHL1FRN4
[2025-11-06 14:20:23] [INFO] ⚡ Modalità veloce attivata per 5 minuti.
[2025-11-06 14:20:27] [INFO] 🤖​ Disponibile ora il prodotto: B0FG7TGW3J
[2025-11-06 14:20:27] [INFO] 🤖​ Disponibile ora il prodotto: B0FG7TB7P4
[2025-11-06 14:20:27] [INFO] 🤖​ Disponibile ora il prodotto: B0FG7V4M1Z
[2025-11-06 14:20:27] [INFO] ⚡ Modalità veloce attivata per 5 minuti.
[2025-11-06 14:21:29] [INFO] 🕒 Nell'ultima ora sono state fatte 724 chiamate PAAPI.
[2025-11-06 14:25:29] [INFO] 🐢 Ritorno alla modalità normale.
[2025-11-06 15:20:19] [INFO] ✅ Reset di 4 prodotti.
[2025-11-06 15:20:23] [INFO] 🤖​ Disponibile ora il prodotto: B0FHL1FRN4
[2025-11-06 15:20:23] [INFO] ⚡ Modalità veloce attivata per 5 minuti.
[2025-11-06 15:20:26] [INFO] 🤖​ Disponibile ora il prodotto: B0FG7TGW3J
[2025-11-06 15:20:27] [INFO] 🤖​ Disponibile ora il prodotto: B0FG7TB7P4
[2025-11-06 15:20:27] [INFO] 🤖​ Disponibile ora il prodotto: B0FG7V4M1Z
[2025-11-06 15:20:27] [INFO] ⚡ Modalità veloce attivata per 5 minuti.
[2025-11-06 15:21:32] [INFO] 🕒 Nell'ultima ora sono state fatte 718 chiamate PAAPI.
[2025-11-06 15:25:28] [INFO] 🐢 Ritorno alla modalità normale.
[2025-11-06 15:49:26] [INFO] 🤖​ Disponibile ora il prodotto: B0DRVM5CFW
[2025-11-06 15:49:26] [INFO] ⚡ Modalità veloce attivata per 5 minuti.
[2025-11-06 15:54:28] [INFO] ❌ B0DRVM5CFW non più disponibile.
[2025-11-06 15:54:28] [INFO] 🐢 Ritorno alla modalità normale.
[2025-11-06 16:20:19] [INFO] ✅ Reset di 4 prodotti.
[2025-11-06 16:20:22] [INFO] 🤖​ Disponibile ora il prodotto: B0FG7TGW3J
[2025-11-06 16:20:22] [INFO] 🤖​ Disponibile ora il prodotto: B0FG7TB7P4
[2025-11-06 16:20:23] [INFO] 🤖​ Disponibile ora il prodotto: B0FG7V4M1Z
[2025-11-06 16:20:23] [INFO] ⚡ Modalità veloce attivata per 5 minuti.
[2025-11-06 16:20:26] [INFO] 🤖​ Disponibile ora il prodotto: B0FHL1FRN4
[2025-11-06 16:20:26] [INFO] ⚡ Modalità veloce attivata per 5 minuti.
[2025-11-06 16:21:35] [INFO] 🕒 Nell'ultima ora sono state fatte 753 chiamate PAAPI.
[2025-11-06 16:25:26] [INFO] 🐢 Ritorno alla modalità normale.
[2025-11-06 17:16:17] [INFO] ❌ B0FG7TGW3J non più disponibile.
[2025-11-06 17:20:19] [INFO] ✅ Reset di 3 prodotti.
[2025-11-06 17:20:20] [INFO] 🤖​ Disponibile ora il prodotto: B0FG7TB7P4
[2025-11-06 17:20:20] [INFO] 🤖​ Disponibile ora il prodotto: B0FG7V4M1Z
[2025-11-06 17:20:20] [INFO] ⚡ Modalità veloce attivata per 5 minuti.
[2025-11-06 17:20:23] [INFO] 🤖​ Disponibile ora il prodotto: B0FHL1FRN4
[2025-11-06 17:20:24] [INFO] ⚡ Modalità veloce attivata per 5 minuti.
[2025-11-06 17:21:36] [INFO] 🕒 Nell'ultima ora sono state fatte 716 chiamate PAAPI.
[2025-11-06 17:25:26] [INFO] 🐢 Ritorno alla modalità normale.
[2025-11-06 18:18:20] [INFO] 🤖​ Disponibile ora il prodotto: B0FG7TVSRY
[2025-11-06 18:18:20] [INFO] ⚡ Modalità veloce attivata per 5 minuti.
[2025-11-06 18:18:27] [INFO] ❌ B0FG7TVSRY non più disponibile.
[2025-11-06 18:20:19] [INFO] ✅ Reset di 3 prodotti.
[2025-11-06 18:20:23] [INFO] 🤖​ Disponibile ora il prodotto: B0FHL1FRN4
[2025-11-06 18:20:23] [INFO] ⚡ Modalità veloce attivata per 5 minuti.
[2025-11-06 18:20:26] [INFO] 🤖​ Disponibile ora il prodotto: B0FG7TB7P4
[2025-11-06 18:20:27] [INFO] 🤖​ Disponibile ora il prodotto: B0FG7V4M1Z
[2025-11-06 18:20:27] [INFO] ⚡ Modalità veloce attivata per 5 minuti.
[2025-11-06 18:21:25] [INFO] 🤖​ Disponibile ora il prodotto: B0FG7TVSRY
[2025-11-06 18:21:25] [INFO] ⚡ Modalità veloce attivata per 5 minuti.
[2025-11-06 18:21:38] [INFO] 🕒 Nell'ultima ora sono state fatte 727 chiamate PAAPI.
[2025-11-06 18:26:26] [INFO] ❌ B0FG7TVSRY non più disponibile.
[2025-11-06 18:26:26] [INFO] 🐢 Ritorno alla modalità normale.
[2025-11-06 18:39:02] [INFO] 🤖​ Disponibile ora il prodotto: B0FG7TGW3J
[2025-11-06 18:39:02] [INFO] ⚡ Modalità veloce attivata per 5 minuti.
[2025-11-06 18:44:03] [INFO] 🐢 Ritorno alla modalità normale.
[2025-11-06 18:53:13] [INFO] ❌ B0FG7TGW3J non più disponibile.
[2025-11-06 19:11:59] [INFO] 🤖​ Disponibile ora il prodotto: B0FG7TVSRY
[2025-11-06 19:11:59] [INFO] ⚡ Modalità veloce attivata per 5 minuti.
[2025-11-06 19:17:00] [INFO] ❌ B0FG7TVSRY non più disponibile.
[2025-11-06 19:17:00] [INFO] 🐢 Ritorno alla modalità normale.
[2025-11-06 19:20:19] [INFO] ✅ Reset di 3 prodotti.
[2025-11-06 19:20:22] [INFO] 🤖​ Disponibile ora il prodotto: B0FG7TB7P4
[2025-11-06 19:20:22] [INFO] 🤖​ Disponibile ora il prodotto: B0FG7V4M1Z
[2025-11-06 19:20:22] [INFO] ⚡ Modalità veloce attivata per 5 minuti.
[2025-11-06 19:20:26] [INFO] 🤖​ Disponibile ora il prodotto: B0FHL1FRN4
[2025-11-06 19:20:26] [INFO] ⚡ Modalità veloce attivata per 5 minuti.
[2025-11-06 19:21:41] [INFO] 🕒 Nell'ultima ora sono state fatte 757 chiamate PAAPI.
[2025-11-06 19:25:27] [INFO] 🐢 Ritorno alla modalità normale.
[2025-11-06 20:14:28] [INFO] 🤖​ Disponibile ora il prodotto: B0FG7TGW3J
[2025-11-06 20:14:28] [INFO] ⚡ Modalità veloce attivata per 5 minuti.
[2025-11-06 20:19:29] [INFO] 🐢 Ritorno alla modalità normale.
[2025-11-06 20:20:19] [INFO] ✅ Reset di 4 prodotti.
[2025-11-06 20:20:22] [INFO] 🤖​ Disponibile ora il prodotto: B0FG7TGW3J
[2025-11-06 20:20:22] [INFO] 🤖​ Disponibile ora il prodotto: B0FG7TB7P4
[2025-11-06 20:20:22] [INFO] 🤖​ Disponibile ora il prodotto: B0FG7V4M1Z
[2025-11-06 20:20:22] [INFO] ⚡ Modalità veloce attivata per 5 minuti.
[2025-11-06 20:20:26] [INFO] 🤖​ Disponibile ora il prodotto: B0FHL1FRN4
[2025-11-06 20:20:26] [INFO] ⚡ Modalità veloce attivata per 5 minuti.
[2025-11-06 20:21:44] [INFO] 🕒 Nell'ultima ora sono state fatte 744 chiamate PAAPI.
[2025-11-06 20:25:26] [INFO] 🐢 Ritorno alla modalità normale.
[2025-11-06 20:58:42] [INFO] 🤖​ Disponibile ora il prodotto: B0FG7TVSRY
[2025-11-06 20:58:42] [INFO] ⚡ Modalità veloce attivata per 5 minuti.
[2025-11-06 21:03:45] [INFO] ❌ B0FG7TVSRY non più disponibile.
[2025-11-06 21:03:45] [INFO] 🐢 Ritorno alla modalità normale.
[2025-11-06 21:17:51] [ERROR] 🚫 Errore Too Many Requests su batch ['B0FHL1FRN4', 'B0FHL2C2QZ', 'B0FHKC7SF2', 'B0FQ66WY8F', 'B0FJYK8LNY', 'B0DRVK4S4P', 'B0DRVKR9CT', 'B0DRVLP3SK', 'B0FG7TVSRY', 'B0F1G4CMFZ']. Messa in pausa per 1 ora--> Sono state fatte 687 chiamate PAAPI prima dell'errore.
[2025-11-06 21:20:22] [INFO] ✅ Reset di 4 prodotti.
[2025-11-06 22:17:51] [INFO] 🔁 Restart dopo Errore Too Many Requests...
[2025-11-06 22:17:52] [INFO] 🤖​ Disponibile ora il prodotto: B0FG7TGW3J
[2025-11-06 22:17:52] [INFO] 🤖​ Disponibile ora il prodotto: B0FG7TB7P4
[2025-11-06 22:17:52] [INFO] 🤖​ Disponibile ora il prodotto: B0FG7V4M1Z
[2025-11-06 22:17:52] [INFO] ⚡ Modalità veloce attivata per 5 minuti.
[2025-11-06 22:17:56] [INFO] 🤖​ Disponibile ora il prodotto: B0FHL1FRN4
[2025-11-06 22:17:56] [INFO] ⚡ Modalità veloce attivata per 5 minuti.
[2025-11-06 22:20:22] [INFO] ✅ Reset di 4 prodotti.
[2025-11-06 22:20:23] [INFO] 🤖​ Disponibile ora il prodotto: B0FG7TGW3J
[2025-11-06 22:20:23] [INFO] 🤖​ Disponibile ora il prodotto: B0FG7TB7P4
[2025-11-06 22:20:24] [INFO] 🤖​ Disponibile ora il prodotto: B0FG7V4M1Z
[2025-11-06 22:20:24] [INFO] ⚡ Modalità veloce attivata per 5 minuti.
[2025-11-06 22:20:27] [INFO] 🤖​ Disponibile ora il prodotto: B0FHL1FRN4
[2025-11-06 22:20:27] [INFO] ⚡ Modalità veloce attivata per 5 minuti.
[2025-11-06 22:25:29] [INFO] 🐢 Ritorno alla modalità normale.
[2025-11-06 22:40:34] [INFO] ❌ B0FG7TGW3J non più disponibile.
[2025-11-06 22:42:30] [ERROR] 🚫 Errore Too Many Requests su batch ['B0DTQCBW9B', 'B0DRVKS21G', 'B0DRVM5CFW', 'B0DRVKX356', 'B0DK93ZQPC', 'B0DRVKXW3N', 'B0FG7TGW3J', 'B0FG7TB7P4', 'B0FG7XXR6V', 'B0FG7V4M1Z']. Messa in pausa per 1 ora--> Sono state fatte 332 chiamate PAAPI prima dell'errore.
[2025-11-06 23:20:22] [INFO] ✅ Reset di 3 prodotti.
[2025-11-06 23:42:30] [INFO] 🔁 Restart dopo Errore Too Many Requests...
[2025-11-06 23:42:31] [INFO] 🤖​ Disponibile ora il prodotto: B0FHL1FRN4
[2025-11-06 23:42:31] [INFO] ⚡ Modalità veloce attivata per 5 minuti.
